Beginning execution at 0x0100
Memory write to 0x0ef8: 0x113
Memory write to 0x0400: 0x7fffffffffffffff
Y86 CPU state:
  %rip: 0000000000000000   flags: Z0 S0 O0     HLT
  %rax: 7fffffffffffffff    %rcx: 0000000000000001
  %rdx: 0000000000000000    %rbx: 0000000000000000
  %rsp: 0000000000000f00    %rbp: 0000000000000000
  %rsi: 0000000000000000    %rdi: 0000000000000000
   %r8: 0000000000000000     %r9: 0000000000000400
  %r10: 0000000000000000    %r11: 0000000000000000
  %r12: 0000000000000000    %r13: 0000000000000000
  %r14: 0000000000000000
Total execution count: 15

